// Jest Snapshot v1, https://goo.gl/fbAQLP

exports[`ActivityList.vue renders activity form 1`] = `
<div
  data-v-app=""
>
  
  <div
    class="flex justify-between"
  >
    <div
      class="flex gap-8 items-center"
    >
      <div
        class="text-2xl font-bold"
      >
        Your Activity
      </div>
      <span
        class="text-sm"
      >
        Total Earned:
      </span>
        
      <span
        class="text-sm bg-gradient-to-r from-purple-200 to-purple-500 text-transparent bg-clip-text font-bold"
      >
        0
      </span>
    </div>
    <button
      aria-disabled="false"
      class="bg-blue-500 text-white p-2 rounded"
      data-cy="create-activity"
      type="button"
    >
      <!--v-if-->
      <span
        class=""
      >
        
         Create Activity 
        
      </span>
    </button>
    <!--v-if-->
    <!--v-if-->
  </div>
  <div
    class="grid sm:grid-cols-[15%,1fr,15%,15%,15%] gap-2 grid-cols-[1fr,15%,15%,15%] font-bold mt-4"
  >
    <div
      class="ml-3 hidden sm:block"
    >
      Date
    </div>
    <div
      class="ml-2"
    >
      Activity
    </div>
    <div />
    <div
      class="-ml-1"
    >
      Earned
    </div>
    <div
      class="-ml-4"
    >
      Actions
    </div>
  </div>
  <div>
     No Activity data available 
  </div>
  
</div>
`;
